/Users/savusilviu/Desktop/SilviuCorneliuSavu/DataStore/src/features/build_features.py:290: UserWarning: Sortedness of columns cannot be checked when 'by' groups provided
  df_batch = lf_features.collect()
/Users/savusilviu/Desktop/SilviuCorneliuSavu/DataStore/src/features/build_features.py:290: UserWarning: Sortedness of columns cannot be checked when 'by' groups provided
  df_batch = lf_features.collect()
Loading Silver Data (Lazy)...
Reading Ticker Universe from /Users/savusilviu/Desktop/SilviuCorneliuSavu/DataStore/bronze/universe/historical_ciks.csv...
Found 18107 unique tickers.

=== Starting Stage 1: Ticker Batches ===
Processing Batch 1 / 37 (500 tickers)...
  > Wrote 2212886 rows.
Processing Batch 2 / 37 (500 tickers)...
  > Wrote 2156339 rows.
Processing Batch 3 / 37 (500 tickers)...
  > Wrote 1917802 rows.
Processing Batch 4 / 37 (500 tickers)...
  > Wrote 2010290 rows.
Processing Batch 5 / 37 (500 tickers)...
  > Wrote 2389722 rows.
Processing Batch 6 / 37 (500 tickers)...
  > Wrote 3144227 rows.
Processing Batch 7 / 37 (500 tickers)...
  > Wrote 1707273 rows.
Processing Batch 8 / 37 (500 tickers)...
  > Wrote 2229756 rows.
Processing Batch 9 / 37 (500 tickers)...
  > Wrote 2360874 rows.
Processing Batch 10 / 37 (500 tickers)...
  > Wrote 1945408 rows.
Processing Batch 11 / 37 (500 tickers)...
  > Wrote 2276386 rows.
Processing Batch 12 / 37 (500 tickers)...
  > Wrote 2273285 rows.
Processing Batch 13 / 37 (500 tickers)...
  > Wrote 2123924 rows.
Processing Batch 14 / 37 (500 tickers)...
  > Wrote 2292554 rows.
Processing Batch 15 / 37 (500 tickers)...
  > Wrote 1923138 rows.
Processing Batch 16 / 37 (500 tickers)...
  > Wrote 2196648 rows.
Processing Batch 17 / 37 (500 tickers)...
  > Wrote 2204539 rows.
Processing Batch 18 / 37 (500 tickers)...
  > Wrote 2185620 rows.
Processing Batch 19 / 37 (500 tickers)...
  > Wrote 2263458 rows.
Processing Batch 20 / 37 (500 tickers)...
  > Wrote 2189417 rows.
Processing Batch 21 / 37 (500 tickers)...
  > Wrote 2265638 rows.
Processing Batch 22 / 37 (500 tickers)...
  > Wrote 2192790 rows.
Processing Batch 23 / 37 (500 tickers)...
  > Wrote 2079814 rows.
Processing Batch 24 / 37 (500 tickers)...
  > Wrote 2111173 rows.
Processing Batch 25 / 37 (500 tickers)...
  > Wrote 2143845 rows.
Processing Batch 26 / 37 (500 tickers)...
  > Wrote 2091225 rows.
Processing Batch 27 / 37 (500 tickers)...
  > Wrote 2128753 rows.
Processing Batch 28 / 37 (500 tickers)...
  > Wrote 2263894 rows.
Processing Batch 29 / 37 (500 tickers)...
  > Wrote 2176620 rows.
Processing Batch 30 / 37 (500 tickers)...
  > Wrote 2317336 rows.
Processing Batch 31 / 37 (500 tickers)...
  > Wrote 2638732 rows.
Processing Batch 32 / 37 (500 tickers)...
  > Wrote 2199218 rows.
Processing Batch 33 / 37 (500 tickers)...
  > Wrote 2148435 rows.
Processing Batch 34 / 37 (500 tickers)...
  > Wrote 2312760 rows.
Processing Batch 35 / 37 (500 tickers)...
  > Wrote 2040551 rows.
Processing Batch 36 / 37 (500 tickers)...
  > Wrote 2492847 rows.
Processing Batch 37 / 37 (107 tickers)...
  > Wrote 493349 rows.
Stage 1 Complete. Total Rows: 80100526

=== Starting Stage 2: Year Batches (Cross-Sectional) ===
Processing Year 2025...
  > Finalized 2585129 rows for 2025
Processing Year 2024...
  > Finalized 2911166 rows for 2024
Processing Year 2023...
  > Finalized 3106012 rows for 2023
Processing Year 2022...
  > Finalized 3445416 rows for 2022
Processing Year 2021...
  > Finalized 3591710 rows for 2021
Processing Year 2020...
  > Finalized 3362378 rows for 2020
Processing Year 2019...
  > Finalized 3071370 rows for 2019
Processing Year 2018...
  > Finalized 3090049 rows for 2018
Processing Year 2017...
  > Finalized 3135001 rows for 2017
Processing Year 2016...
  > Finalized 3102656 rows for 2016
Processing Year 2015...
  > Finalized 3101247 rows for 2015
Processing Year 2014...
  > Finalized 3058153 rows for 2014
Processing Year 2013...
  > Finalized 2900143 rows for 2013
Processing Year 2012...
  > Finalized 2782588 rows for 2012
Processing Year 2011...
  > Finalized 2758434 rows for 2011
Processing Year 2010...
  > Finalized 2632383 rows for 2010
Processing Year 2009...
  > Finalized 2477034 rows for 2009
Processing Year 2008...
  > Finalized 2440748 rows for 2008
Processing Year 2007...
  > Finalized 2333260 rows for 2007
Processing Year 2006...
  > Finalized 2169849 rows for 2006
Processing Year 2005...
  > Finalized 2039540 rows for 2005
Processing Year 2004...
  > Finalized 1906405 rows for 2004
Processing Year 2003...
  > Finalized 1761538 rows for 2003
Processing Year 2002...
  > Finalized 1686792 rows for 2002
Processing Year 2001...
  > Finalized 1594384 rows for 2001
Processing Year 2000...
  > Finalized 1559013 rows for 2000
Processing Year 1999...
  > Finalized 1450185 rows for 1999
Processing Year 1998...
  > Finalized 1252929 rows for 1998
Processing Year 1997...
  > Finalized 909694 rows for 1997
Processing Year 1996...
  > Finalized 827045 rows for 1996
Processing Year 1995...
  > Finalized 729164 rows for 1995
Processing Year 1994...
  > Finalized 659279 rows for 1994
Processing Year 1993...
  > Finalized 588296 rows for 1993
Processing Year 1992...
  > Finalized 532399 rows for 1992
Processing Year 1991...
  > Finalized 483210 rows for 1991
Processing Year 1990...
  > Finalized 464030 rows for 1990
Processing Year 1989...
  > Finalized 452429 rows for 1989
Processing Year 1988...
  > Finalized 436926 rows for 1988
Processing Year 1987...
  > Finalized 423753 rows for 1987
Processing Year 1986...
  > Finalized 386421 rows for 1986
Processing Year 1985...
  > Finalized 353427 rows for 1985
Processing Year 1984...
  > Finalized 236774 rows for 1984
Processing Year 1983...
  > Finalized 202767 rows for 1983
Processing Year 1982...
  > Finalized 191106 rows for 1982
Processing Year 1981...
  > Finalized 180714 rows for 1981
Processing Year 1980...
  > Finalized 149042 rows for 1980
Processing Year 1979...
  > Finalized 68306 rows for 1979
Processing Year 1978...
  > Finalized 67458 rows for 1978
Processing Year 1977...
  > Finalized 66798 rows for 1977
Processing Year 1976...
  > Finalized 66812 rows for 1976
Processing Year 1975...
  > Finalized 66274 rows for 1975
Processing Year 1974...
  > Finalized 65798 rows for 1974
Processing Year 1973...
  > Finalized 59142 rows for 1973
Processing Year 1972...
  > Finalized 20450 rows for 1972
Processing Year 1971...
  > Finalized 11136 rows for 1971
Processing Year 1970...
  > Finalized 11180 rows for 1970
Processing Year 1969...
  > Finalized 11026 rows for 1969
Processing Year 1968...
  > Finalized 9944 rows for 1968
Processing Year 1967...
  > Finalized 11044 rows for 1967
Processing Year 1966...
  > Finalized 10834 rows for 1966
Processing Year 1965...
  > Finalized 10584 rows for 1965
Processing Year 1964...
  > Finalized 10626 rows for 1964
Processing Year 1963...
  > Finalized 10542 rows for 1963
Processing Year 1962...
  > Finalized 10584 rows for 1962
Registering Features in Catalog...
Registered feature: rsi_14
Registered feature: macd_line
Registered feature: macd_signal
Registered feature: bb_width
Registered feature: sma_50
Registered feature: sma_200
Registered feature: volatility_20d
Registered feature: volatility_yang_zhang_20d
Registered feature: efficiency_ratio_10d
Registered feature: amihud_illiquidity
Registered feature: pe_ratio
Registered feature: pb_ratio
Registered feature: revenue_growth_yoy
Registered feature: zscore_momentum_200d
Registered feature: rank_pe_ratio
Registered feature: zscore_volatility_20d
Feature Catalog Updated.

=== Cleanup Intermediate Data ===
Removing intermediate data at /Users/savusilviu/Desktop/SilviuCorneliuSavu/DataStore/gold/features_stage1...
Cleanup complete.

Total Execution Time: 453.88 seconds
